TAP version 13
# Subtest: accepted host response and fixed tool surface
ok 1 - accepted host response and fixed tool surface
  ---
  duration_ms: 42.277476
  type: 'test'
  ...
# Subtest: explicit host rejection
ok 2 - explicit host rejection
  ---
  duration_ms: 35.837095
  type: 'test'
  ...
# Subtest: missing host tool is rejected before any message
ok 3 - missing host tool is rejected before any message
  ---
  duration_ms: 38.977144
  type: 'test'
  ...
# Subtest: disconnect before send is rejected
ok 4 - disconnect before send is rejected
  ---
  duration_ms: 36.30044
  type: 'test'
  ...
# Subtest: disconnect after send is ambiguous
ok 5 - disconnect after send is ambiguous
  ---
  duration_ms: 38.466929
  type: 'test'
  ...
# Subtest: mismatching response identity is ambiguous
ok 6 - mismatching response identity is ambiguous
  ---
  duration_ms: 46.497038
  type: 'test'
  ...
# Subtest: unknown acceptance never becomes success
ok 7 - unknown acceptance never becomes success
  ---
  duration_ms: 33.894785
  type: 'test'
  ...
# Subtest: oversized host inventory is rejected
ok 8 - oversized host inventory is rejected
  ---
  duration_ms: 42.067079
  type: 'test'
  ...
# Subtest: extra private-request properties are rejected
ok 9 - extra private-request properties are rejected
  ---
  duration_ms: 44.693362
  type: 'test'
  ...
# Subtest: unframed completion prompt is rejected
ok 10 - unframed completion prompt is rejected
  ---
  duration_ms: 39.737188
  type: 'test'
  ...
1..10
# tests 10
# suites 0
# pass 10
# fail 0
# cancelled 0
# skipped 0
# todo 0
# duration_ms 456.262778
